[root@localhost ~]# ipmitool -v user list 1
Could not open device at /dev/ipmi0 or /dev/ipmi/0 or /dev/ipmidev/0: No such file or directory
[root@localhost ~]# modprobe ipmi_msghandler
[root@localhost ~]# ipmitool -v user list 1
Could not open device at /dev/ipmi0 or /dev/ipmi/0 or /dev/ipmidev/0: No such file or directory
[root@localhost ~]# modprobe ipmi_devintf
[root@localhost ~]# ipmitool -v user list 1
ID  Name             Callin  Link Auth  IPMI Msg   Channel Priv Limit
1                    true    true       true       USER
2   Operator         true    true       true       OPERATOR
3   root             true    true       true       ADMINISTRATOR
4   OEM              true    true       true       OEM
5   Operator         true    true       true       OPERATOR
6   admin            true    true       true       ADMINISTRATOR
7   OEM              true    true       true       OEM
8   Operator         true    true       true       OPERATOR
9   admin            true    true       true       ADMINISTRATOR
10  OEM              true    true       true       OEM
11  Operator         true    true       true       OPERATOR
12  admin            true    true       true       ADMINISTRATOR
13  OEM              true    true       true       OEM
14  Operator         true    true       true       OPERATOR
15  admin            true    true       true       ADMINISTRATOR
16  OEM              true    true       true       OEM
[root@localhost ~]# for i in 1 2 3 4 5 6 7 8 9 10 11 12 13 14 15 16
> do
> ipmitool -v user enable $i
> ipmitool -v user set password $i admin
> done
